// Jest Snapshot v1, https://goo.gl/fbAQLP

exports[`About component matches snapshot 1`] = `
<DocumentFragment>
  <section
    class="my-5"
  >
    <h1
      id="about"
    >
      Beauty of People
    </h1>
    <img
      alt="cover"
      class="my-2"
      src="cover-image.jpg"
      style="width: 100%;"
    />
    <div
      class="my-2"
    >
      <p>
        Padaung (Yan Pa Doung) is a Shan term for the 
        <bold>
          Kayan Lahwi
        </bold>
        (the group in which women wear the brass neck rings). The Kayan residents in Mae Hong Son Province in Northern Thailand refer to themselves as Kayan and object to being called Padaung. 
        <br />
        <br />
        Myanmar: Shan State: 80,000 
        <br />
        Myanmar: Kayah State: 70,000
        <br />
        Thailand: 600
      </p>
    </div>
  </section>
</DocumentFragment>
`;
